Archive member included because of file (symbol)

/usr/lib/gcc/avr/4.3.4/../../../avr/lib/avr51/libprintf_min.a(vfprintf_min.o)
                              (vfprintf)
/usr/lib/gcc/avr/4.3.4/avr51/libgcc.a(_udivmodsi4.o)
                              ../../LUFA/Drivers/AT90USBXXX/Serial.o (__udivmodsi4)
/usr/lib/gcc/avr/4.3.4/avr51/libgcc.a(_exit.o)
                              /usr/lib/gcc/avr/4.3.4/../../../avr/lib/avr51/crtusb1286.o (exit)
/usr/lib/gcc/avr/4.3.4/avr51/libgcc.a(_clear_bss.o)
                              camtrig.o (__do_clear_bss)
/usr/lib/gcc/avr/4.3.4/../../../avr/lib/avr51/libc.a(rand.o)
                              camtrig.o (rand)
/usr/lib/gcc/avr/4.3.4/../../../avr/lib/avr51/libc.a(strchr_P.o)
                              /usr/lib/gcc/avr/4.3.4/../../../avr/lib/avr51/libprintf_min.a(vfprintf_min.o) (strchr_P)
/usr/lib/gcc/avr/4.3.4/../../../avr/lib/avr51/libc.a(fputc.o)
                              /usr/lib/gcc/avr/4.3.4/../../../avr/lib/avr51/libprintf_min.a(vfprintf_min.o) (fputc)
/usr/lib/gcc/avr/4.3.4/../../../avr/lib/avr51/libc.a(ultoa_invert.o)
                              /usr/lib/gcc/avr/4.3.4/../../../avr/lib/avr51/libprintf_min.a(vfprintf_min.o) (__ultoa_invert)
/usr/lib/gcc/avr/4.3.4/avr51/libgcc.a(_mulsi3.o)
                              /usr/lib/gcc/avr/4.3.4/../../../avr/lib/avr51/libc.a(rand.o) (__mulsi3)
/usr/lib/gcc/avr/4.3.4/avr51/libgcc.a(_divmodsi4.o)
                              /usr/lib/gcc/avr/4.3.4/../../../avr/lib/avr51/libc.a(rand.o) (__divmodsi4)

Allocating common symbols
Common symbol       size              file

USB_IsInitialized   0x1               ../../LUFA/Drivers/USB/HighLevel/USBTask.o
p_handler_func      0x8               handler.o
USB_CurrentlySelfPowered
                    0x1               ../../LUFA/Drivers/USB/LowLevel/DevChapter9.o
USB_RemoteWakeupEnabled
                    0x1               ../../LUFA/Drivers/USB/LowLevel/DevChapter9.o
rand_pulse_buf      0x33              camtrig.o
mask                0x4               handler.o
start_count         0x10              handler.o
Tx_Buffer           0x1776            camtrig.o
USB_IsConnected     0x1               ../../LUFA/Drivers/USB/HighLevel/USBTask.o
Scheduler_TotalTasks
                    0x1               ../../LUFA/Scheduler/Scheduler.o
USB_ConfigurationNumber
                    0x1               ../../LUFA/Drivers/USB/LowLevel/DevChapter9.o
count               0x10              handler.o
Scheduler_TickCounter
                    0x2               ../../LUFA/Scheduler/Scheduler.o
USB_IsSuspended     0x1               ../../LUFA/Drivers/USB/HighLevel/USBTask.o
ADC_CHANS           0x4               camtrig.o

Discarded input sections

 .data          0x0000000000000000        0x0 /usr/lib/gcc/avr/4.3.4/../../../avr/lib/avr51/crtusb1286.o
 .bss           0x0000000000000000        0x0 /usr/lib/gcc/avr/4.3.4/../../../avr/lib/avr51/crtusb1286.o
 .text          0x0000000000000000        0x0 camtrig.o
 .text.update_pulse_buf
                0x0000000000000000       0x56 camtrig.o
 .text.rand_pulse_enable
                0x0000000000000000        0x4 camtrig.o
 .text.rand_pulse_disable
                0x0000000000000000        0x4 camtrig.o
 .text.get_pulse_width
                0x0000000000000000       0x4e camtrig.o
 .text.set_aout_values
                0x0000000000000000       0x34 camtrig.o
 .progmem.data  0x0000000000000000       0x41 camtrig.o
 .text          0x0000000000000000        0x0 Descriptors.o
 .data          0x0000000000000000        0x0 Descriptors.o
 .bss           0x0000000000000000        0x0 Descriptors.o
 .text          0x0000000000000000        0x0 handler.o
 .data          0x0000000000000000        0x0 handler.o
 .bss           0x0000000000000000        0x0 handler.o
 .text          0x0000000000000000        0x0 RingBuff.o
 .data          0x0000000000000000        0x0 RingBuff.o
 .bss           0x0000000000000000        0x0 RingBuff.o
 .text          0x0000000000000000        0x0 ../../LUFA/Scheduler/Scheduler.o
 .data          0x0000000000000000        0x0 ../../LUFA/Scheduler/Scheduler.o
 .bss           0x0000000000000000        0x0 ../../LUFA/Scheduler/Scheduler.o
 .text.Scheduler_HasDelayElapsed
                0x0000000000000000       0x40 ../../LUFA/Scheduler/Scheduler.o
 .text.Scheduler_SetTaskMode
                0x0000000000000000       0x32 ../../LUFA/Scheduler/Scheduler.o
 .text.Scheduler_SetGroupTaskMode
                0x0000000000000000       0x2c ../../LUFA/Scheduler/Scheduler.o
 .text          0x0000000000000000        0x0 ../../LUFA/Drivers/Board/Temperature.o
 .data          0x0000000000000000        0x0 ../../LUFA/Drivers/Board/Temperature.o
 .bss           0x0000000000000000        0x0 ../../LUFA/Drivers/Board/Temperature.o
 .text.Temperature_GetTemperature
                0x0000000000000000       0x5c ../../LUFA/Drivers/Board/Temperature.o
 .progmem.data  0x0000000000000000       0xf0 ../../LUFA/Drivers/Board/Temperature.o
 .text          0x0000000000000000        0x0 ../../LUFA/Drivers/AT90USBXXX/Serial_Stream.o
 .data          0x0000000000000000        0xe ../../LUFA/Drivers/AT90USBXXX/Serial_Stream.o
 .bss           0x0000000000000000        0x0 ../../LUFA/Drivers/AT90USBXXX/Serial_Stream.o
 .text.SerialStream_TxByte
                0x0000000000000000       0x14 ../../LUFA/Drivers/AT90USBXXX/Serial_Stream.o
 .text.SerialStream_RxByte
                0x0000000000000000       0x10 ../../LUFA/Drivers/AT90USBXXX/Serial_Stream.o
 .text          0x0000000000000000        0x0 ../../LUFA/Drivers/AT90USBXXX/Serial.o
 .data          0x0000000000000000        0x0 ../../LUFA/Drivers/AT90USBXXX/Serial.o
 .bss           0x0000000000000000        0x0 ../../LUFA/Drivers/AT90USBXXX/Serial.o
 .text.Serial_Init
                0x0000000000000000       0x48 ../../LUFA/Drivers/AT90USBXXX/Serial.o
 .text.Serial_TxString_P
                0x0000000000000000       0x1a ../../LUFA/Drivers/AT90USBXXX/Serial.o
 .text.Serial_TxString
                0x0000000000000000       0x1a ../../LUFA/Drivers/AT90USBXXX/Serial.o
 .text          0x0000000000000000        0x0 ../../LUFA/Drivers/USB/LowLevel/LowLevel.o
 .data          0x0000000000000000        0x0 ../../LUFA/Drivers/USB/LowLevel/LowLevel.o
 .bss           0x0000000000000000        0x0 ../../LUFA/Drivers/USB/LowLevel/LowLevel.o
 .text          0x0000000000000000        0x0 ../../LUFA/Drivers/USB/LowLevel/Endpoint.o
 .bss           0x0000000000000000        0x0 ../../LUFA/Drivers/USB/LowLevel/Endpoint.o
 .text.Endpoint_WaitUntilReady
                0x0000000000000000       0x4e ../../LUFA/Drivers/USB/LowLevel/Endpoint.o
 .text.Endpoint_Discard_Stream
                0x0000000000000000       0x5e ../../LUFA/Drivers/USB/LowLevel/Endpoint.o
 .text.Endpoint_Write_Stream_LE
                0x0000000000000000       0x7c ../../LUFA/Drivers/USB/LowLevel/Endpoint.o
 .text.Endpoint_Write_Stream_BE
                0x0000000000000000       0x78 ../../LUFA/Drivers/USB/LowLevel/Endpoint.o
 .text.Endpoint_Read_Stream_LE
                0x0000000000000000       0x7c ../../LUFA/Drivers/USB/LowLevel/Endpoint.o
 .text.Endpoint_Read_Stream_BE
                0x0000000000000000       0x78 ../../LUFA/Drivers/USB/LowLevel/Endpoint.o
 .text.Endpoint_Write_Control_Stream_LE
                0x0000000000000000       0x8c ../../LUFA/Drivers/USB/LowLevel/Endpoint.o
 .text.Endpoint_Write_Control_Stream_BE
                0x0000000000000000       0x9a ../../LUFA/Drivers/USB/LowLevel/Endpoint.o
 .text.Endpoint_Read_Control_Stream_LE
                0x0000000000000000       0x42 ../../LUFA/Drivers/USB/LowLevel/Endpoint.o
 .text.Endpoint_Read_Control_Stream_BE
                0x0000000000000000       0x50 ../../LUFA/Drivers/USB/LowLevel/Endpoint.o
 .text          0x0000000000000000        0x0 ../../LUFA/Drivers/USB/LowLevel/Pipe.o
 .data          0x0000000000000000        0x0 ../../LUFA/Drivers/USB/LowLevel/Pipe.o
 .bss           0x0000000000000000        0x0 ../../LUFA/Drivers/USB/LowLevel/Pipe.o
 .text          0x0000000000000000        0x0 ../../LUFA/Drivers/USB/LowLevel/DevChapter9.o
 .data          0x0000000000000000        0x0 ../../LUFA/Drivers/USB/LowLevel/DevChapter9.o
 .bss           0x0000000000000000        0x0 ../../LUFA/Drivers/USB/LowLevel/DevChapter9.o
 .text          0x0000000000000000        0x0 ../../LUFA/Drivers/USB/LowLevel/HostChapter9.o
 .data          0x0000000000000000        0x0 ../../LUFA/Drivers/USB/LowLevel/HostChapter9.o
 .bss           0x0000000000000000        0x0 ../../LUFA/Drivers/USB/LowLevel/HostChapter9.o
 .text          0x0000000000000000        0x0 ../../LUFA/Drivers/USB/LowLevel/Host.o
 .data          0x0000000000000000        0x0 ../../LUFA/Drivers/USB/LowLevel/Host.o
 .bss           0x0000000000000000        0x0 ../../LUFA/Drivers/USB/LowLevel/Host.o
 .text          0x0000000000000000        0x0 ../../LUFA/Drivers/USB/HighLevel/USBTask.o
 .data          0x0000000000000000        0x0 ../../LUFA/Drivers/USB/HighLevel/USBTask.o
 .bss           0x0000000000000000        0x0 ../../LUFA/Drivers/USB/HighLevel/USBTask.o
 .text          0x0000000000000000        0x0 ../../LUFA/Drivers/USB/HighLevel/USBInterrupt.o
 .data          0x0000000000000000        0x0 ../../LUFA/Drivers/USB/HighLevel/USBInterrupt.o
 .bss           0x0000000000000000        0x0 ../../LUFA/Drivers/USB/HighLevel/USBInterrupt.o
 .text          0x0000000000000000        0x0 ../../LUFA/Drivers/USB/HighLevel/Events.o
 .data          0x0000000000000000        0x0 ../../LUFA/Drivers/USB/HighLevel/Events.o
 .bss           0x0000000000000000        0x0 ../../LUFA/Drivers/USB/HighLevel/Events.o
 .text          0x0000000000000000        0x0 ../../LUFA/Drivers/USB/HighLevel/StdDescriptors.o
 .data          0x0000000000000000        0x0 ../../LUFA/Drivers/USB/HighLevel/StdDescriptors.o
 .bss           0x0000000000000000        0x0 ../../LUFA/Drivers/USB/HighLevel/StdDescriptors.o
 .text.USB_GetDescriptor
                0x0000000000000000        0xc ../../LUFA/Drivers/USB/HighLevel/StdDescriptors.o
 .text          0x0000000000000000        0x0 /usr/lib/gcc/avr/4.3.4/../../../avr/lib/avr51/libprintf_min.a(vfprintf_min.o)
 .data          0x0000000000000000        0x0 /usr/lib/gcc/avr/4.3.4/../../../avr/lib/avr51/libprintf_min.a(vfprintf_min.o)
 .bss           0x0000000000000000        0x0 /usr/lib/gcc/avr/4.3.4/../../../avr/lib/avr51/libprintf_min.a(vfprintf_min.o)
 .text          0x0000000000000000        0x0 /usr/lib/gcc/avr/4.3.4/avr51/libgcc.a(_udivmodsi4.o)
 .data          0x0000000000000000        0x0 /usr/lib/gcc/avr/4.3.4/avr51/libgcc.a(_udivmodsi4.o)
 .bss           0x0000000000000000        0x0 /usr/lib/gcc/avr/4.3.4/avr51/libgcc.a(_udivmodsi4.o)
 .text          0x0000000000000000        0x0 /usr/lib/gcc/avr/4.3.4/avr51/libgcc.a(_exit.o)
 .data          0x0000000000000000        0x0 /usr/lib/gcc/avr/4.3.4/avr51/libgcc.a(_exit.o)
 .bss           0x0000000000000000        0x0 /usr/lib/gcc/avr/4.3.4/avr51/libgcc.a(_exit.o)
 .text.libgcc   0x0000000000000000        0x0 /usr/lib/gcc/avr/4.3.4/avr51/libgcc.a(_exit.o)
 .text          0x0000000000000000        0x0 /usr/lib/gcc/avr/4.3.4/avr51/libgcc.a(_clear_bss.o)
 .data          0x0000000000000000        0x0 /usr/lib/gcc/avr/4.3.4/avr51/libgcc.a(_clear_bss.o)
 .bss           0x0000000000000000        0x0 /usr/lib/gcc/avr/4.3.4/avr51/libgcc.a(_clear_bss.o)
 .text.libgcc   0x0000000000000000        0x0 /usr/lib/gcc/avr/4.3.4/avr51/libgcc.a(_clear_bss.o)
 .text          0x0000000000000000        0x0 /usr/lib/gcc/avr/4.3.4/../../../avr/lib/avr51/libc.a(rand.o)
 .bss           0x0000000000000000        0x0 /usr/lib/gcc/avr/4.3.4/../../../avr/lib/avr51/libc.a(rand.o)
 .text          0x0000000000000000        0x0 /usr/lib/gcc/avr/4.3.4/../../../avr/lib/avr51/libc.a(strchr_P.o)
 .data          0x0000000000000000        0x0 /usr/lib/gcc/avr/4.3.4/../../../avr/lib/avr51/libc.a(strchr_P.o)
 .bss           0x0000000000000000        0x0 /usr/lib/gcc/avr/4.3.4/../../../avr/lib/avr51/libc.a(strchr_P.o)
 .text          0x0000000000000000        0x0 /usr/lib/gcc/avr/4.3.4/../../../avr/lib/avr51/libc.a(fputc.o)
 .data          0x0000000000000000        0x0 /usr/lib/gcc/avr/4.3.4/../../../avr/lib/avr51/libc.a(fputc.o)
 .bss           0x0000000000000000        0x0 /usr/lib/gcc/avr/4.3.4/../../../avr/lib/avr51/libc.a(fputc.o)
 .text          0x0000000000000000        0x0 /usr/lib/gcc/avr/4.3.4/../../../avr/lib/avr51/libc.a(ultoa_invert.o)
 .data          0x0000000000000000        0x0 /usr/lib/gcc/avr/4.3.4/../../../avr/lib/avr51/libc.a(ultoa_invert.o)
 .bss           0x0000000000000000        0x0 /usr/lib/gcc/avr/4.3.4/../../../avr/lib/avr51/libc.a(ultoa_invert.o)
 .text          0x0000000000000000        0x0 /usr/lib/gcc/avr/4.3.4/avr51/libgcc.a(_mulsi3.o)
 .data          0x0000000000000000        0x0 /usr/lib/gcc/avr/4.3.4/avr51/libgcc.a(_mulsi3.o)
 .bss           0x0000000000000000        0x0 /usr/lib/gcc/avr/4.3.4/avr51/libgcc.a(_mulsi3.o)
 .text          0x0000000000000000        0x0 /usr/lib/gcc/avr/4.3.4/avr51/libgcc.a(_divmodsi4.o)
 .data          0x0000000000000000        0x0 /usr/lib/gcc/avr/4.3.4/avr51/libgcc.a(_divmodsi4.o)
 .bss           0x0000000000000000        0x0 /usr/lib/gcc/avr/4.3.4/avr51/libgcc.a(_divmodsi4.o)

Memory Configuration

Name             Origin             Length             Attributes
text             0x0000000000000000 0x0000000000020000 xr
data             0x0000000000800060 0x000000000000ffa0 rw !x
eeprom           0x0000000000810000 0x0000000000010000 rw !x
fuse             0x0000000000820000 0x0000000000000400 rw !x
lock             0x0000000000830000 0x0000000000000400 rw !x
signature        0x0000000000840000 0x0000000000000400 rw !x
*default*        0x0000000000000000 0xffffffffffffffff

Linker script and memory map

Address of section .data set to 0x800100
LOAD /usr/lib/gcc/avr/4.3.4/../../../avr/lib/avr51/crtusb1286.o
LOAD camtrig.o
LOAD Descriptors.o
LOAD handler.o
LOAD RingBuff.o
LOAD ../../LUFA/Scheduler/Scheduler.o
LOAD ../../LUFA/Drivers/Board/Temperature.o
LOAD ../../LUFA/Drivers/AT90USBXXX/Serial_Stream.o
LOAD ../../LUFA/Drivers/AT90USBXXX/Serial.o
LOAD ../../LUFA/Drivers/USB/LowLevel/LowLevel.o
LOAD ../../LUFA/Drivers/USB/LowLevel/Endpoint.o
LOAD ../../LUFA/Drivers/USB/LowLevel/Pipe.o
LOAD ../../LUFA/Drivers/USB/LowLevel/DevChapter9.o
LOAD ../../LUFA/Drivers/USB/LowLevel/HostChapter9.o
LOAD ../../LUFA/Drivers/USB/LowLevel/Host.o
LOAD ../../LUFA/Drivers/USB/HighLevel/USBTask.o
LOAD ../../LUFA/Drivers/USB/HighLevel/USBInterrupt.o
LOAD ../../LUFA/Drivers/USB/HighLevel/Events.o
LOAD ../../LUFA/Drivers/USB/HighLevel/StdDescriptors.o
LOAD /usr/lib/gcc/avr/4.3.4/../../../avr/lib/avr51/libprintf_min.a
LOAD /usr/lib/gcc/avr/4.3.4/../../../avr/lib/avr51/libm.a
LOAD /usr/lib/gcc/avr/4.3.4/avr51/libgcc.a
LOAD /usr/lib/gcc/avr/4.3.4/../../../avr/lib/avr51/libc.a
LOAD /usr/lib/gcc/avr/4.3.4/avr51/libgcc.a

.hash
 *(.hash)

.dynsym
 *(.dynsym)

.dynstr
 *(.dynstr)

.gnu.version
 *(.gnu.version)

.gnu.version_d
 *(.gnu.version_d)

.gnu.version_r
 *(.gnu.version_r)

.rel.init
 *(.rel.init)

.rela.init
 *(.rela.init)

.rel.text
 *(.rel.text)
 *(.rel.text.*)
 *(.rel.gnu.linkonce.t*)

.rela.text
 *(.rela.text)
 *(.rela.text.*)
 *(.rela.gnu.linkonce.t*)

.rel.fini
 *(.rel.fini)

.rela.fini
 *(.rela.fini)

.rel.rodata
 *(.rel.rodata)
 *(.rel.rodata.*)
 *(.rel.gnu.linkonce.r*)

.rela.rodata
 *(.rela.rodata)
 *(.rela.rodata.*)
 *(.rela.gnu.linkonce.r*)

.rel.data
 *(.rel.data)
 *(.rel.data.*)
 *(.rel.gnu.linkonce.d*)

.rela.data
 *(.rela.data)
 *(.rela.data.*)
 *(.rela.gnu.linkonce.d*)

.rel.ctors
 *(.rel.ctors)

.rela.ctors
 *(.rela.ctors)

.rel.dtors
 *(.rel.dtors)

.rela.dtors
 *(.rela.dtors)

.rel.got
 *(.rel.got)

.rela.got
 *(.rela.got)

.rel.bss
 *(.rel.bss)

.rela.bss
 *(.rela.bss)

.rel.plt
 *(.rel.plt)

.rela.plt
 *(.rela.plt)

.text           0x0000000000000000     0x1a20
 *(.vectors)
 .vectors       0x0000000000000000       0x98 /usr/lib/gcc/avr/4.3.4/../../../avr/lib/avr51/crtusb1286.o
                0x0000000000000000                __vectors
                0x0000000000000000                __vector_default
 *(.vectors)
 *(.progmem.gcc*)
 *(.progmem*)
 .progmem.data  0x0000000000000098       0xc3 Descriptors.o
                0x0000000000000098                DeviceDescriptor
                0x00000000000000aa                ConfigurationDescriptor
                0x00000000000000d1                LanguageString
                0x00000000000000d5                ManufacturerString
                0x00000000000000e9                ProductString
 .progmem.data  0x000000000000015b       0x17 /usr/lib/gcc/avr/4.3.4/../../../avr/lib/avr51/libprintf_min.a(vfprintf_min.o)
                0x0000000000000172                . = ALIGN (0x2)
                0x0000000000000172                __trampolines_start = .
 *(.trampolines)
 .trampolines   0x0000000000000172        0x0 linker stubs
 *(.trampolines*)
                0x0000000000000172                __trampolines_end = .
 *(.jumptables)
 *(.jumptables*)
 *(.lowtext)
 *(.lowtext*)
                0x0000000000000172                __ctors_start = .
 *(.ctors)
                0x0000000000000172                __ctors_end = .
                0x0000000000000172                __dtors_start = .
 *(.dtors)
                0x0000000000000172                __dtors_end = .
 SORT(*)(.ctors)
 SORT(*)(.dtors)
 *(.init0)
 .init0         0x0000000000000172        0x0 /usr/lib/gcc/avr/4.3.4/../../../avr/lib/avr51/crtusb1286.o
                0x0000000000000172                __init
 *(.init0)
 *(.init1)
 *(.init1)
 *(.init2)
 .init2         0x0000000000000172        0xc /usr/lib/gcc/avr/4.3.4/../../../avr/lib/avr51/crtusb1286.o
 *(.init2)
 *(.init3)
 *(.init3)
 *(.init4)
 .init4         0x000000000000017e       0x1a /usr/lib/gcc/avr/4.3.4/../../../avr/lib/avr51/crtusb1286.o
                0x000000000000017e                __do_copy_data
 .init4         0x0000000000000198       0x10 /usr/lib/gcc/avr/4.3.4/avr51/libgcc.a(_clear_bss.o)
                0x0000000000000198                __do_clear_bss
 *(.init4)
 *(.init5)
 *(.init5)
 *(.init6)
 *(.init6)
 *(.init7)
 *(.init7)
 *(.init8)
 *(.init8)
 *(.init9)
 .init9         0x00000000000001a8        0x6 /usr/lib/gcc/avr/4.3.4/../../../avr/lib/avr51/crtusb1286.o
 *(.init9)
 *(.text)
 .text          0x00000000000001ae        0x2 /usr/lib/gcc/avr/4.3.4/../../../avr/lib/avr51/crtusb1286.o
                0x00000000000001ae                __vector_22
                0x00000000000001ae                __vector_28
                0x00000000000001ae                __vector_1
                0x00000000000001ae                __vector_34
                0x00000000000001ae                __vector_24
                0x00000000000001ae                __vector_12
                0x00000000000001ae                __bad_interrupt
                0x00000000000001ae                __vector_6
                0x00000000000001ae                __vector_31
                0x00000000000001ae                __vector_3
                0x00000000000001ae                __vector_23
                0x00000000000001ae                __vector_30
                0x00000000000001ae                __vector_25
                0x00000000000001ae                __vector_11
                0x00000000000001ae                __vector_13
                0x00000000000001ae                __vector_17
                0x00000000000001ae                __vector_19
                0x00000000000001ae                __vector_7
                0x00000000000001ae                __vector_27
                0x00000000000001ae                __vector_5
                0x00000000000001ae                __vector_33
                0x00000000000001ae                __vector_37
                0x00000000000001ae                __vector_4
                0x00000000000001ae                __vector_9
                0x00000000000001ae                __vector_2
                0x00000000000001ae                __vector_21
                0x00000000000001ae                __vector_15
                0x00000000000001ae                __vector_36
                0x00000000000001ae                __vector_8
                0x00000000000001ae                __vector_26
                0x00000000000001ae                __vector_14
                0x00000000000001ae                __vector_16
                0x00000000000001ae                __vector_18
                0x00000000000001ae                __vector_20
                0x00000000000001b0                . = ALIGN (0x2)
 *(.text.*)
 .text.PWM_Init
                0x00000000000001b0       0x74 camtrig.o
                0x00000000000001b0                PWM_Init
 .text.__vector_32
                0x0000000000000224       0xf0 camtrig.o
                0x0000000000000224                __vector_32
 .text.rand_pulse_setvalue
                0x0000000000000314       0x7e camtrig.o
                0x0000000000000314                rand_pulse_setvalue
 .text.rand_pulse_handler
                0x0000000000000392       0x1a camtrig.o
                0x0000000000000392                rand_pulse_handler
 .text.switchoff_trig3
                0x00000000000003ac       0x1a camtrig.o
                0x00000000000003ac                switchoff_trig3
 .text.switchoff_trig2
                0x00000000000003c6       0x1a camtrig.o
                0x00000000000003c6                switchoff_trig2
 .text.switchoff_trig1
                0x00000000000003e0       0x1a camtrig.o
                0x00000000000003e0                switchoff_trig1
 .text.USB_AnalogSample_Task
                0x00000000000003fa       0x5a camtrig.o
                0x00000000000003fa                USB_AnalogSample_Task
 .text.USB_ControlDevice_Task
                0x0000000000000454      0x502 camtrig.o
                0x0000000000000454                USB_ControlDevice_Task
 .text.Event_USB_ConfigurationChanged
                0x0000000000000956       0x2c camtrig.o
                0x0000000000000956                Event_USB_ConfigurationChanged
 .text.main     0x0000000000000982       0x90 camtrig.o
                0x0000000000000982                main
 .text.__vector_29
                0x0000000000000a12      0x19e camtrig.o
                0x0000000000000a12                __vector_29
 .text.USB_GetDescriptor
                0x0000000000000bb0       0x5c Descriptors.o
                0x0000000000000bb0                USB_GetDescriptor
 .text.Handler_Init
                0x0000000000000c0c       0x1c handler.o
                0x0000000000000c0c                Handler_Init
 .text.__vector_35
                0x0000000000000c28       0xe2 handler.o
                0x0000000000000c28                __vector_35
 .text.Reg_Handler
                0x0000000000000d0a       0x4c handler.o
                0x0000000000000d0a                Reg_Handler
 .text.Buffer_Initialize
                0x0000000000000d56       0x2a RingBuff.o
                0x0000000000000d56                Buffer_Initialize
 .text.Buffer_StoreElement
                0x0000000000000d80       0x82 RingBuff.o
                0x0000000000000d80                Buffer_StoreElement
 .text.Buffer_GetElement
                0x0000000000000e02       0x56 RingBuff.o
                0x0000000000000e02                Buffer_GetElement
 .text.USB_ResetInterface
                0x0000000000000e58       0xb2 ../../LUFA/Drivers/USB/LowLevel/LowLevel.o
                0x0000000000000e58                USB_ResetInterface
 .text.USB_ShutDown
                0x0000000000000f0a       0x3c ../../LUFA/Drivers/USB/LowLevel/LowLevel.o
                0x0000000000000f0a                USB_ShutDown
 .text.USB_Init
                0x0000000000000f46       0x22 ../../LUFA/Drivers/USB/LowLevel/LowLevel.o
                0x0000000000000f46                USB_Init
 .text.Endpoint_ConfigureEndpoint
                0x0000000000000f68       0x6c ../../LUFA/Drivers/USB/LowLevel/Endpoint.o
                0x0000000000000f68                Endpoint_ConfigureEndpoint
 .text.Endpoint_ClearEndpoints
                0x0000000000000fd4       0x2e ../../LUFA/Drivers/USB/LowLevel/Endpoint.o
                0x0000000000000fd4                Endpoint_ClearEndpoints
 .text.USB_Device_ProcessControlPacket
                0x0000000000001002      0x31c ../../LUFA/Drivers/USB/LowLevel/DevChapter9.o
                0x0000000000001002                USB_Device_ProcessControlPacket
 .text.USB_USBTask
                0x000000000000131e       0x30 ../../LUFA/Drivers/USB/HighLevel/USBTask.o
                0x000000000000131e                USB_USBTask
 .text.USB_INT_DisableAllInterrupts
                0x000000000000134e       0x10 ../../LUFA/Drivers/USB/HighLevel/USBInterrupt.o
                0x000000000000134e                USB_INT_DisableAllInterrupts
 .text.USB_INT_ClearAllInterrupts
                0x000000000000135e        0xa ../../LUFA/Drivers/USB/HighLevel/USBInterrupt.o
                0x000000000000135e                USB_INT_ClearAllInterrupts
 .text.__vector_10
                0x0000000000001368      0x19e ../../LUFA/Drivers/USB/HighLevel/USBInterrupt.o
                0x0000000000001368                __vector_10
 .text.USB_Event_Stub
                0x0000000000001506        0x2 ../../LUFA/Drivers/USB/HighLevel/Events.o
                0x0000000000001506                Event_USB_DeviceError
                0x0000000000001506                Event_USB_UnhandledControlPacket
                0x0000000000001506                Event_USB_Suspend
                0x0000000000001506                Event_USB_VBUSChange
                0x0000000000001506                USB_Event_Stub
                0x0000000000001506                Event_USB_Connect
                0x0000000000001506                Event_USB_Reset
                0x0000000000001506                Event_USB_Disconnect
                0x0000000000001506                Event_USB_VBUSDisconnect
                0x0000000000001506                Event_USB_DeviceEnumerationComplete
                0x0000000000001506                Event_USB_VBUSConnect
                0x0000000000001506                Event_USB_WakeUp
 .text.avr-libc
                0x0000000000001508      0x26c /usr/lib/gcc/avr/4.3.4/../../../avr/lib/avr51/libprintf_min.a(vfprintf_min.o)
                0x0000000000001508                vfprintf
 .text.libgcc   0x0000000000001774       0x44 /usr/lib/gcc/avr/4.3.4/avr51/libgcc.a(_udivmodsi4.o)
                0x0000000000001774                __udivmodsi4
 .text.avr-libc
                0x00000000000017b8       0xc6 /usr/lib/gcc/avr/4.3.4/../../../avr/lib/avr51/libc.a(rand.o)
                0x0000000000001860                rand_r
                0x0000000000001862                rand
                0x0000000000001868                srand
 .text.avr-libc
                0x000000000000187e       0x16 /usr/lib/gcc/avr/4.3.4/../../../avr/lib/avr51/libc.a(strchr_P.o)
                0x000000000000187e                strchr_P
 .text.avr-libc
                0x0000000000001894       0x58 /usr/lib/gcc/avr/4.3.4/../../../avr/lib/avr51/libc.a(fputc.o)
                0x0000000000001894                fputc
 .text.avr-libc
                0x00000000000018ec       0xbc /usr/lib/gcc/avr/4.3.4/../../../avr/lib/avr51/libc.a(ultoa_invert.o)
                0x00000000000018ec                __ultoa_invert
 .text.libgcc   0x00000000000019a8       0x3e /usr/lib/gcc/avr/4.3.4/avr51/libgcc.a(_mulsi3.o)
                0x00000000000019a8                __mulsi3
 .text.libgcc   0x00000000000019e6       0x36 /usr/lib/gcc/avr/4.3.4/avr51/libgcc.a(_divmodsi4.o)
                0x00000000000019e6                __divmodsi4
                0x0000000000001a1c                . = ALIGN (0x2)
 *(.fini9)
 .fini9         0x0000000000001a1c        0x0 /usr/lib/gcc/avr/4.3.4/avr51/libgcc.a(_exit.o)
                0x0000000000001a1c                exit
                0x0000000000001a1c                _exit
 *(.fini9)
 *(.fini8)
 *(.fini8)
 *(.fini7)
 *(.fini7)
 *(.fini6)
 *(.fini6)
 *(.fini5)
 *(.fini5)
 *(.fini4)
 *(.fini4)
 *(.fini3)
 *(.fini3)
 *(.fini2)
 *(.fini2)
 *(.fini1)
 *(.fini1)
 *(.fini0)
 .fini0         0x0000000000001a1c        0x4 /usr/lib/gcc/avr/4.3.4/avr51/libgcc.a(_exit.o)
 *(.fini0)
                0x0000000000001a20                _etext = .

.data           0x0000000000800100       0x14 load address 0x0000000000001a20
                0x0000000000800100                PROVIDE (__data_start, .)
 *(.data)
 .data          0x0000000000800100        0xe camtrig.o
                0x0000000000800100                Scheduler_TaskList
                0x000000000080010c                start_bootloader
 .data          0x000000000080010e        0x1 ../../LUFA/Drivers/USB/LowLevel/Endpoint.o
                0x000000000080010e                USB_ControlEndpointSize
 .data          0x000000000080010f        0x4 /usr/lib/gcc/avr/4.3.4/../../../avr/lib/avr51/libc.a(rand.o)
 *(.data*)
 *(.rodata)
 *(.rodata*)
 *(.gnu.linkonce.d*)
                0x0000000000800114                . = ALIGN (0x2)
 *fill*         0x0000000000800113        0x1 00
                0x0000000000800114                _edata = .
                0x0000000000800114                PROVIDE (__data_end, .)

.bss            0x0000000000800114     0x17f6
                0x0000000000800114                PROVIDE (__bss_start, .)
 *(.bss)
 .bss           0x0000000000800114       0x14 camtrig.o
                0x0000000000800114                send_data_back_to_host
                0x0000000000800115                trig_once_mode
                0x0000000000800116                rand_pulse_width
                0x0000000000800117                ADC_CHAN_IDX
                0x0000000000800118                ADC_N_CHANS
                0x0000000000800119                overflowed
                0x000000000080011a                downsample_countdown_max
                0x000000000080011b                framecount_A
                0x000000000080011f                epoch
 *(.bss*)
 *(COMMON)
 COMMON         0x0000000000800128     0x17ad camtrig.o
                0x0000000000800128                rand_pulse_buf
                0x000000000080015b                Tx_Buffer
                0x00000000008018d1                ADC_CHANS
 COMMON         0x00000000008018d5       0x2c handler.o
                0x00000000008018d5                p_handler_func
                0x00000000008018dd                mask
                0x00000000008018e1                start_count
                0x00000000008018f1                count
 COMMON         0x0000000000801901        0x3 ../../LUFA/Scheduler/Scheduler.o
                0x0000000000801901                Scheduler_TotalTasks
                0x0000000000801902                Scheduler_TickCounter
 COMMON         0x0000000000801904        0x3 ../../LUFA/Drivers/USB/LowLevel/DevChapter9.o
                0x0000000000801904                USB_CurrentlySelfPowered
                0x0000000000801905                USB_RemoteWakeupEnabled
                0x0000000000801906                USB_ConfigurationNumber
 COMMON         0x0000000000801907        0x3 ../../LUFA/Drivers/USB/HighLevel/USBTask.o
                0x0000000000801907                USB_IsInitialized
                0x0000000000801908                USB_IsConnected
                0x0000000000801909                USB_IsSuspended
                0x000000000080190a                PROVIDE (__bss_end, .)
                0x0000000000001a20                __data_load_start = LOADADDR (.data)
                0x0000000000001a34                __data_load_end = (__data_load_start + SIZEOF (.data))

.noinit         0x000000000080190a        0x0
                0x000000000080190a                PROVIDE (__noinit_start, .)
 *(.noinit*)
                0x000000000080190a                PROVIDE (__noinit_end, .)
                0x000000000080190a                _end = .
                0x000000000080190a                PROVIDE (__heap_start, .)

.eeprom         0x0000000000810000        0x0
 *(.eeprom*)
                0x0000000000810000                __eeprom_end = .

.fuse
 *(.fuse)
 *(.lfuse)
 *(.hfuse)
 *(.efuse)

.lock
 *(.lock*)

.signature
 *(.signature*)

.stab           0x0000000000000000     0x1968
 *(.stab)
 .stab          0x0000000000000000      0x750 /usr/lib/gcc/avr/4.3.4/../../../avr/lib/avr51/crtusb1286.o
 .stab          0x0000000000000750      0x828 /usr/lib/gcc/avr/4.3.4/../../../avr/lib/avr51/libprintf_min.a(vfprintf_min.o)
                                        0x834 (size before relaxing)
 .stab          0x0000000000000f78      0x300 /usr/lib/gcc/avr/4.3.4/../../../avr/lib/avr51/libc.a(rand.o)
                                        0x33c (size before relaxing)
 .stab          0x0000000000001278       0x9c /usr/lib/gcc/avr/4.3.4/../../../avr/lib/avr51/libc.a(strchr_P.o)
                                         0xa8 (size before relaxing)
 .stab          0x0000000000001314      0x1d4 /usr/lib/gcc/avr/4.3.4/../../../avr/lib/avr51/libc.a(fputc.o)
                                        0x3b4 (size before relaxing)
 .stab          0x00000000000014e8      0x480 /usr/lib/gcc/avr/4.3.4/../../../avr/lib/avr51/libc.a(ultoa_invert.o)
                                        0x48c (size before relaxing)

.stabstr        0x0000000000000000      0xcbc
 *(.stabstr)
 .stabstr       0x0000000000000000      0xcbc /usr/lib/gcc/avr/4.3.4/../../../avr/lib/avr51/crtusb1286.o

.stab.excl
 *(.stab.excl)

.stab.exclstr
 *(.stab.exclstr)

.stab.index
 *(.stab.index)

.stab.indexstr
 *(.stab.indexstr)

.comment
 *(.comment)

.debug
 *(.debug)

.line
 *(.line)

.debug_srcinfo
 *(.debug_srcinfo)

.debug_sfnames
 *(.debug_sfnames)

.debug_aranges  0x0000000000000000      0x320
 *(.debug_aranges)
 .debug_aranges
                0x0000000000000000       0xa0 camtrig.o
 .debug_aranges
                0x00000000000000a0       0x20 Descriptors.o
 .debug_aranges
                0x00000000000000c0       0x30 handler.o
 .debug_aranges
                0x00000000000000f0       0x30 RingBuff.o
 .debug_aranges
                0x0000000000000120       0x30 ../../LUFA/Scheduler/Scheduler.o
 .debug_aranges
                0x0000000000000150       0x20 ../../LUFA/Drivers/Board/Temperature.o
 .debug_aranges
                0x0000000000000170       0x28 ../../LUFA/Drivers/AT90USBXXX/Serial_Stream.o
 .debug_aranges
                0x0000000000000198       0x30 ../../LUFA/Drivers/AT90USBXXX/Serial.o
 .debug_aranges
                0x00000000000001c8       0x30 ../../LUFA/Drivers/USB/LowLevel/LowLevel.o
 .debug_aranges
                0x00000000000001f8       0x78 ../../LUFA/Drivers/USB/LowLevel/Endpoint.o
 .debug_aranges
                0x0000000000000270       0x20 ../../LUFA/Drivers/USB/LowLevel/DevChapter9.o
 .debug_aranges
                0x0000000000000290       0x20 ../../LUFA/Drivers/USB/HighLevel/USBTask.o
 .debug_aranges
                0x00000000000002b0       0x30 ../../LUFA/Drivers/USB/HighLevel/USBInterrupt.o
 .debug_aranges
                0x00000000000002e0       0x20 ../../LUFA/Drivers/USB/HighLevel/Events.o
 .debug_aranges
                0x0000000000000300       0x20 ../../LUFA/Drivers/USB/HighLevel/StdDescriptors.o

.debug_pubnames
                0x0000000000000000      0x929
 *(.debug_pubnames)
 .debug_pubnames
                0x0000000000000000      0x2d4 camtrig.o
 .debug_pubnames
                0x00000000000002d4       0x95 Descriptors.o
 .debug_pubnames
                0x0000000000000369       0x79 handler.o
 .debug_pubnames
                0x00000000000003e2       0x56 RingBuff.o
 .debug_pubnames
                0x0000000000000438       0x9c ../../LUFA/Scheduler/Scheduler.o
 .debug_pubnames
                0x00000000000004d4       0x31 ../../LUFA/Drivers/Board/Temperature.o
 .debug_pubnames
                0x0000000000000505       0x52 ../../LUFA/Drivers/AT90USBXXX/Serial_Stream.o
 .debug_pubnames
                0x0000000000000557       0x4c ../../LUFA/Drivers/AT90USBXXX/Serial.o
 .debug_pubnames
                0x00000000000005a3       0x47 ../../LUFA/Drivers/USB/LowLevel/LowLevel.o
 .debug_pubnames
                0x00000000000005ea      0x1a5 ../../LUFA/Drivers/USB/LowLevel/Endpoint.o
 .debug_pubnames
                0x000000000000078f       0x8b ../../LUFA/Drivers/USB/LowLevel/DevChapter9.o
 .debug_pubnames
                0x000000000000081a       0x60 ../../LUFA/Drivers/USB/HighLevel/USBTask.o
 .debug_pubnames
                0x000000000000087a       0x62 ../../LUFA/Drivers/USB/HighLevel/USBInterrupt.o
 .debug_pubnames
                0x00000000000008dc       0x25 ../../LUFA/Drivers/USB/HighLevel/Events.o
 .debug_pubnames
                0x0000000000000901       0x28 ../../LUFA/Drivers/USB/HighLevel/StdDescriptors.o

.debug_info     0x0000000000000000     0x39e3
 *(.debug_info)
 .debug_info    0x0000000000000000      0xec9 camtrig.o
 .debug_info    0x0000000000000ec9      0x5ea Descriptors.o
 .debug_info    0x00000000000014b3      0x192 handler.o
 .debug_info    0x0000000000001645      0x2a7 RingBuff.o
 .debug_info    0x00000000000018ec      0x2ab ../../LUFA/Scheduler/Scheduler.o
 .debug_info    0x0000000000001b97      0x1c5 ../../LUFA/Drivers/Board/Temperature.o
 .debug_info    0x0000000000001d5c      0x21c ../../LUFA/Drivers/AT90USBXXX/Serial_Stream.o
 .debug_info    0x0000000000001f78      0x1ab ../../LUFA/Drivers/AT90USBXXX/Serial.o
 .debug_info    0x0000000000002123      0x364 ../../LUFA/Drivers/USB/LowLevel/LowLevel.o
 .debug_info    0x0000000000002487      0x738 ../../LUFA/Drivers/USB/LowLevel/Endpoint.o
 .debug_info    0x0000000000002bbf        0x0 ../../LUFA/Drivers/USB/LowLevel/Pipe.o
 .debug_info    0x0000000000002bbf      0x83a ../../LUFA/Drivers/USB/LowLevel/DevChapter9.o
 .debug_info    0x00000000000033f9        0x0 ../../LUFA/Drivers/USB/LowLevel/HostChapter9.o
 .debug_info    0x00000000000033f9        0x0 ../../LUFA/Drivers/USB/LowLevel/Host.o
 .debug_info    0x00000000000033f9      0x23b ../../LUFA/Drivers/USB/HighLevel/USBTask.o
 .debug_info    0x0000000000003634      0x19a ../../LUFA/Drivers/USB/HighLevel/USBInterrupt.o
 .debug_info    0x00000000000037ce       0x7d ../../LUFA/Drivers/USB/HighLevel/Events.o
 .debug_info    0x000000000000384b      0x198 ../../LUFA/Drivers/USB/HighLevel/StdDescriptors.o
 *(.gnu.linkonce.wi.*)

.debug_abbrev   0x0000000000000000     0x14f8
 *(.debug_abbrev)
 .debug_abbrev  0x0000000000000000      0x377 camtrig.o
 .debug_abbrev  0x0000000000000377      0x162 Descriptors.o
 .debug_abbrev  0x00000000000004d9       0xc7 handler.o
 .debug_abbrev  0x00000000000005a0      0x174 RingBuff.o
 .debug_abbrev  0x0000000000000714      0x179 ../../LUFA/Scheduler/Scheduler.o
 .debug_abbrev  0x000000000000088d      0x103 ../../LUFA/Drivers/Board/Temperature.o
 .debug_abbrev  0x0000000000000990      0x171 ../../LUFA/Drivers/AT90USBXXX/Serial_Stream.o
 .debug_abbrev  0x0000000000000b01      0x106 ../../LUFA/Drivers/AT90USBXXX/Serial.o
 .debug_abbrev  0x0000000000000c07      0x144 ../../LUFA/Drivers/USB/LowLevel/LowLevel.o
 .debug_abbrev  0x0000000000000d4b      0x24d ../../LUFA/Drivers/USB/LowLevel/Endpoint.o
 .debug_abbrev  0x0000000000000f98        0x1 ../../LUFA/Drivers/USB/LowLevel/Pipe.o
 .debug_abbrev  0x0000000000000f99      0x242 ../../LUFA/Drivers/USB/LowLevel/DevChapter9.o
 .debug_abbrev  0x00000000000011db        0x1 ../../LUFA/Drivers/USB/LowLevel/HostChapter9.o
 .debug_abbrev  0x00000000000011dc        0x1 ../../LUFA/Drivers/USB/LowLevel/Host.o
 .debug_abbrev  0x00000000000011dd      0x13e ../../LUFA/Drivers/USB/HighLevel/USBTask.o
 .debug_abbrev  0x000000000000131b       0xba ../../LUFA/Drivers/USB/HighLevel/USBInterrupt.o
 .debug_abbrev  0x00000000000013d5       0x41 ../../LUFA/Drivers/USB/HighLevel/Events.o
 .debug_abbrev  0x0000000000001416       0xe2 ../../LUFA/Drivers/USB/HighLevel/StdDescriptors.o

.debug_line     0x0000000000000000     0x313d
 *(.debug_line)
 .debug_line    0x0000000000000000      0xebb camtrig.o
 .debug_line    0x0000000000000ebb      0x188 Descriptors.o
 .debug_line    0x0000000000001043      0x10c handler.o
 .debug_line    0x000000000000114f      0x22d RingBuff.o
 .debug_line    0x000000000000137c      0x1e6 ../../LUFA/Scheduler/Scheduler.o
 .debug_line    0x0000000000001562      0x15c ../../LUFA/Drivers/Board/Temperature.o
 .debug_line    0x00000000000016be      0x121 ../../LUFA/Drivers/AT90USBXXX/Serial_Stream.o
 .debug_line    0x00000000000017df      0x179 ../../LUFA/Drivers/AT90USBXXX/Serial.o
 .debug_line    0x0000000000001958      0x329 ../../LUFA/Drivers/USB/LowLevel/LowLevel.o
 .debug_line    0x0000000000001c81      0x6c7 ../../LUFA/Drivers/USB/LowLevel/Endpoint.o
 .debug_line    0x0000000000002348       0x24 ../../LUFA/Drivers/USB/LowLevel/Pipe.o
 .debug_line    0x000000000000236c      0x5b2 ../../LUFA/Drivers/USB/LowLevel/DevChapter9.o
 .debug_line    0x000000000000291e       0x24 ../../LUFA/Drivers/USB/LowLevel/HostChapter9.o
 .debug_line    0x0000000000002942       0x24 ../../LUFA/Drivers/USB/LowLevel/Host.o
 .debug_line    0x0000000000002966      0x1bd ../../LUFA/Drivers/USB/HighLevel/USBTask.o
 .debug_line    0x0000000000002b23      0x3f5 ../../LUFA/Drivers/USB/HighLevel/USBInterrupt.o
 .debug_line    0x0000000000002f18       0x88 ../../LUFA/Drivers/USB/HighLevel/Events.o
 .debug_line    0x0000000000002fa0      0x19d ../../LUFA/Drivers/USB/HighLevel/StdDescriptors.o

.debug_frame    0x0000000000000000      0x460
 *(.debug_frame)
 .debug_frame   0x0000000000000000      0x120 camtrig.o
 .debug_frame   0x0000000000000120       0x20 Descriptors.o
 .debug_frame   0x0000000000000140       0x40 handler.o
 .debug_frame   0x0000000000000180       0x40 RingBuff.o
 .debug_frame   0x00000000000001c0       0x40 ../../LUFA/Scheduler/Scheduler.o
 .debug_frame   0x0000000000000200       0x20 ../../LUFA/Drivers/Board/Temperature.o
 .debug_frame   0x0000000000000220       0x30 ../../LUFA/Drivers/AT90USBXXX/Serial_Stream.o
 .debug_frame   0x0000000000000250       0x40 ../../LUFA/Drivers/AT90USBXXX/Serial.o
 .debug_frame   0x0000000000000290       0x40 ../../LUFA/Drivers/USB/LowLevel/LowLevel.o
 .debug_frame   0x00000000000002d0       0xd0 ../../LUFA/Drivers/USB/LowLevel/Endpoint.o
 .debug_frame   0x00000000000003a0       0x20 ../../LUFA/Drivers/USB/LowLevel/DevChapter9.o
 .debug_frame   0x00000000000003c0       0x20 ../../LUFA/Drivers/USB/HighLevel/USBTask.o
 .debug_frame   0x00000000000003e0       0x40 ../../LUFA/Drivers/USB/HighLevel/USBInterrupt.o
 .debug_frame   0x0000000000000420       0x20 ../../LUFA/Drivers/USB/HighLevel/Events.o
 .debug_frame   0x0000000000000440       0x20 ../../LUFA/Drivers/USB/HighLevel/StdDescriptors.o

.debug_str      0x0000000000000000     0x1687
 *(.debug_str)
 .debug_str     0x0000000000000000      0x680 camtrig.o
                                        0x705 (size before relaxing)
 .debug_str     0x0000000000000680      0x3fc Descriptors.o
                                        0x5b5 (size before relaxing)
 .debug_str     0x0000000000000a7c       0x5e handler.o
                                        0x11e (size before relaxing)
 .debug_str     0x0000000000000ada       0x54 RingBuff.o
                                        0x17a (size before relaxing)
 .debug_str     0x0000000000000b2e       0xa5 ../../LUFA/Scheduler/Scheduler.o
                                        0x22c (size before relaxing)
 .debug_str     0x0000000000000bd3       0x74 ../../LUFA/Drivers/Board/Temperature.o
                                        0x177 (size before relaxing)
 .debug_str     0x0000000000000c47       0xa5 ../../LUFA/Drivers/AT90USBXXX/Serial_Stream.o
                                        0x174 (size before relaxing)
 .debug_str     0x0000000000000cec       0x82 ../../LUFA/Drivers/AT90USBXXX/Serial.o
                                        0x18f (size before relaxing)
 .debug_str     0x0000000000000d6e       0xf0 ../../LUFA/Drivers/USB/LowLevel/LowLevel.o
                                        0x403 (size before relaxing)
 .debug_str     0x0000000000000e5e      0x434 ../../LUFA/Drivers/USB/LowLevel/Endpoint.o
                                        0x5fc (size before relaxing)
 .debug_str     0x0000000000001292      0x287 ../../LUFA/Drivers/USB/LowLevel/DevChapter9.o
                                        0x654 (size before relaxing)
 .debug_str     0x0000000000001519       0x53 ../../LUFA/Drivers/USB/HighLevel/USBTask.o
                                        0x203 (size before relaxing)
 .debug_str     0x000000000000156c       0x74 ../../LUFA/Drivers/USB/HighLevel/USBInterrupt.o
                                        0x219 (size before relaxing)
 .debug_str     0x00000000000015e0       0x39 ../../LUFA/Drivers/USB/HighLevel/Events.o
                                         0xf3 (size before relaxing)
 .debug_str     0x0000000000001619       0x6e ../../LUFA/Drivers/USB/HighLevel/StdDescriptors.o
                                        0x1f5 (size before relaxing)

.debug_loc      0x0000000000000000     0x1280
 *(.debug_loc)
 .debug_loc     0x0000000000000000      0x499 camtrig.o
 .debug_loc     0x0000000000000499      0x160 Descriptors.o
 .debug_loc     0x00000000000005f9       0x49 handler.o
 .debug_loc     0x0000000000000642       0xd4 RingBuff.o
 .debug_loc     0x0000000000000716       0xe1 ../../LUFA/Scheduler/Scheduler.o
 .debug_loc     0x00000000000007f7       0xb0 ../../LUFA/Drivers/Board/Temperature.o
 .debug_loc     0x00000000000008a7       0x36 ../../LUFA/Drivers/AT90USBXXX/Serial_Stream.o
 .debug_loc     0x00000000000008dd       0x84 ../../LUFA/Drivers/AT90USBXXX/Serial.o
 .debug_loc     0x0000000000000961       0x37 ../../LUFA/Drivers/USB/LowLevel/LowLevel.o
 .debug_loc     0x0000000000000998      0x5ec ../../LUFA/Drivers/USB/LowLevel/Endpoint.o
 .debug_loc     0x0000000000000f84      0x2b9 ../../LUFA/Drivers/USB/LowLevel/DevChapter9.o
 .debug_loc     0x000000000000123d       0x43 ../../LUFA/Drivers/USB/HighLevel/StdDescriptors.o

.debug_macinfo
 *(.debug_macinfo)
OUTPUT(camtrig-teensypp-2.0.elf elf32-avr)
LOAD linker stubs

.debug_ranges   0x0000000000000000      0x338
 .debug_ranges  0x0000000000000000       0x98 camtrig.o
 .debug_ranges  0x0000000000000098       0x18 Descriptors.o
 .debug_ranges  0x00000000000000b0       0x28 handler.o
 .debug_ranges  0x00000000000000d8       0x28 RingBuff.o
 .debug_ranges  0x0000000000000100       0x28 ../../LUFA/Scheduler/Scheduler.o
 .debug_ranges  0x0000000000000128       0x18 ../../LUFA/Drivers/Board/Temperature.o
 .debug_ranges  0x0000000000000140       0x20 ../../LUFA/Drivers/AT90USBXXX/Serial_Stream.o
 .debug_ranges  0x0000000000000160       0x28 ../../LUFA/Drivers/AT90USBXXX/Serial.o
 .debug_ranges  0x0000000000000188       0x28 ../../LUFA/Drivers/USB/LowLevel/LowLevel.o
 .debug_ranges  0x00000000000001b0       0x70 ../../LUFA/Drivers/USB/LowLevel/Endpoint.o
 .debug_ranges  0x0000000000000220       0xa8 ../../LUFA/Drivers/USB/LowLevel/DevChapter9.o
 .debug_ranges  0x00000000000002c8       0x18 ../../LUFA/Drivers/USB/HighLevel/USBTask.o
 .debug_ranges  0x00000000000002e0       0x28 ../../LUFA/Drivers/USB/HighLevel/USBInterrupt.o
 .debug_ranges  0x0000000000000308       0x18 ../../LUFA/Drivers/USB/HighLevel/Events.o
 .debug_ranges  0x0000000000000320       0x18 ../../LUFA/Drivers/USB/HighLevel/StdDescriptors.o

Cross Reference Table

Symbol                                            File
ADC_CHANS                                         camtrig.o
ADC_CHAN_IDX                                      camtrig.o
ADC_N_CHANS                                       camtrig.o
BUTTTAG_BuildDate                                 camtrig.o
BUTTTAG_BuildTime                                 camtrig.o
BUTTTAG_LUFAVersion                               camtrig.o
BUTTTAG_ProjName                                  camtrig.o
Buffer_GetElement                                 RingBuff.o
                                                  camtrig.o
Buffer_Initialize                                 RingBuff.o
                                                  camtrig.o
Buffer_StoreElement                               RingBuff.o
                                                  camtrig.o
ConfigurationDescriptor                           Descriptors.o
DeviceDescriptor                                  Descriptors.o
Endpoint_ClearEndpoints                           ../../LUFA/Drivers/USB/LowLevel/Endpoint.o
                                                  ../../LUFA/Drivers/USB/HighLevel/USBInterrupt.o
Endpoint_ConfigureEndpoint                        ../../LUFA/Drivers/USB/LowLevel/Endpoint.o
                                                  ../../LUFA/Drivers/USB/HighLevel/USBInterrupt.o
                                                  camtrig.o
Endpoint_Discard_Stream                           ../../LUFA/Drivers/USB/LowLevel/Endpoint.o
Endpoint_Read_Control_Stream_BE                   ../../LUFA/Drivers/USB/LowLevel/Endpoint.o
Endpoint_Read_Control_Stream_LE                   ../../LUFA/Drivers/USB/LowLevel/Endpoint.o
Endpoint_Read_Stream_BE                           ../../LUFA/Drivers/USB/LowLevel/Endpoint.o
Endpoint_Read_Stream_LE                           ../../LUFA/Drivers/USB/LowLevel/Endpoint.o
Endpoint_WaitUntilReady                           ../../LUFA/Drivers/USB/LowLevel/Endpoint.o
Endpoint_Write_Control_Stream_BE                  ../../LUFA/Drivers/USB/LowLevel/Endpoint.o
Endpoint_Write_Control_Stream_LE                  ../../LUFA/Drivers/USB/LowLevel/Endpoint.o
Endpoint_Write_Stream_BE                          ../../LUFA/Drivers/USB/LowLevel/Endpoint.o
Endpoint_Write_Stream_LE                          ../../LUFA/Drivers/USB/LowLevel/Endpoint.o
Event_USB_ConfigurationChanged                    camtrig.o
                                                  ../../LUFA/Drivers/USB/LowLevel/DevChapter9.o
Event_USB_Connect                                 ../../LUFA/Drivers/USB/HighLevel/Events.o
                                                  ../../LUFA/Drivers/USB/HighLevel/USBInterrupt.o
Event_USB_DeviceEnumerationComplete               ../../LUFA/Drivers/USB/HighLevel/Events.o
                                                  ../../LUFA/Drivers/USB/LowLevel/DevChapter9.o
Event_USB_DeviceError                             ../../LUFA/Drivers/USB/HighLevel/Events.o
                                                  ../../LUFA/Drivers/USB/HighLevel/StdDescriptors.o
Event_USB_Disconnect                              ../../LUFA/Drivers/USB/HighLevel/Events.o
                                                  ../../LUFA/Drivers/USB/HighLevel/USBInterrupt.o
                                                  ../../LUFA/Drivers/USB/LowLevel/LowLevel.o
Event_USB_Reset                                   ../../LUFA/Drivers/USB/HighLevel/Events.o
                                                  ../../LUFA/Drivers/USB/HighLevel/USBInterrupt.o
Event_USB_Suspend                                 ../../LUFA/Drivers/USB/HighLevel/Events.o
                                                  ../../LUFA/Drivers/USB/HighLevel/USBInterrupt.o
Event_USB_UnhandledControlPacket                  ../../LUFA/Drivers/USB/HighLevel/Events.o
                                                  ../../LUFA/Drivers/USB/LowLevel/DevChapter9.o
Event_USB_VBUSChange                              ../../LUFA/Drivers/USB/HighLevel/Events.o
                                                  ../../LUFA/Drivers/USB/HighLevel/USBInterrupt.o
Event_USB_VBUSConnect                             ../../LUFA/Drivers/USB/HighLevel/Events.o
                                                  ../../LUFA/Drivers/USB/HighLevel/USBInterrupt.o
Event_USB_VBUSDisconnect                          ../../LUFA/Drivers/USB/HighLevel/Events.o
                                                  ../../LUFA/Drivers/USB/HighLevel/USBInterrupt.o
Event_USB_WakeUp                                  ../../LUFA/Drivers/USB/HighLevel/Events.o
                                                  ../../LUFA/Drivers/USB/HighLevel/USBInterrupt.o
Handler_Init                                      handler.o
                                                  camtrig.o
LanguageString                                    Descriptors.o
ManufacturerString                                Descriptors.o
PWM_Init                                          camtrig.o
ProductString                                     Descriptors.o
Reg_Handler                                       handler.o
                                                  camtrig.o
Scheduler_HasDelayElapsed                         ../../LUFA/Scheduler/Scheduler.o
Scheduler_SetGroupTaskMode                        ../../LUFA/Scheduler/Scheduler.o
Scheduler_SetTaskMode                             ../../LUFA/Scheduler/Scheduler.o
Scheduler_TaskList                                camtrig.o
                                                  ../../LUFA/Scheduler/Scheduler.o
Scheduler_TickCounter                             ../../LUFA/Scheduler/Scheduler.o
Scheduler_TotalTasks                              ../../LUFA/Scheduler/Scheduler.o
                                                  camtrig.o
SerialStream_RxByte                               ../../LUFA/Drivers/AT90USBXXX/Serial_Stream.o
SerialStream_TxByte                               ../../LUFA/Drivers/AT90USBXXX/Serial_Stream.o
Serial_Init                                       ../../LUFA/Drivers/AT90USBXXX/Serial.o
Serial_TxString                                   ../../LUFA/Drivers/AT90USBXXX/Serial.o
Serial_TxString_P                                 ../../LUFA/Drivers/AT90USBXXX/Serial.o
Temperature_GetTemperature                        ../../LUFA/Drivers/Board/Temperature.o
Tx_Buffer                                         camtrig.o
USARTStream                                       ../../LUFA/Drivers/AT90USBXXX/Serial_Stream.o
USB_AnalogSample_Task                             camtrig.o
USB_ConfigurationNumber                           ../../LUFA/Drivers/USB/HighLevel/USBInterrupt.o
                                                  ../../LUFA/Drivers/USB/LowLevel/DevChapter9.o
                                                  ../../LUFA/Drivers/USB/LowLevel/LowLevel.o
USB_ControlDevice_Task                            camtrig.o
USB_ControlEndpointSize                           ../../LUFA/Drivers/USB/LowLevel/Endpoint.o
                                                  ../../LUFA/Drivers/USB/HighLevel/USBInterrupt.o
                                                  ../../LUFA/Drivers/USB/LowLevel/DevChapter9.o
                                                  ../../LUFA/Drivers/USB/LowLevel/LowLevel.o
USB_CurrentlySelfPowered                          ../../LUFA/Drivers/USB/LowLevel/DevChapter9.o
                                                  ../../LUFA/Drivers/USB/LowLevel/LowLevel.o
USB_Device_ProcessControlPacket                   ../../LUFA/Drivers/USB/LowLevel/DevChapter9.o
                                                  ../../LUFA/Drivers/USB/HighLevel/USBTask.o
USB_Event_Stub                                    ../../LUFA/Drivers/USB/HighLevel/Events.o
USB_GetDescriptor                                 Descriptors.o
                                                  ../../LUFA/Drivers/USB/LowLevel/DevChapter9.o
                                                  ../../LUFA/Drivers/USB/LowLevel/LowLevel.o
USB_INT_ClearAllInterrupts                        ../../LUFA/Drivers/USB/HighLevel/USBInterrupt.o
                                                  ../../LUFA/Drivers/USB/LowLevel/LowLevel.o
USB_INT_DisableAllInterrupts                      ../../LUFA/Drivers/USB/HighLevel/USBInterrupt.o
                                                  ../../LUFA/Drivers/USB/LowLevel/LowLevel.o
USB_Init                                          ../../LUFA/Drivers/USB/LowLevel/LowLevel.o
                                                  camtrig.o
USB_IsConnected                                   ../../LUFA/Drivers/USB/HighLevel/USBInterrupt.o
                                                  ../../LUFA/Drivers/USB/HighLevel/USBTask.o
                                                  ../../LUFA/Drivers/USB/LowLevel/Endpoint.o
                                                  ../../LUFA/Drivers/USB/LowLevel/LowLevel.o
                                                  camtrig.o
USB_IsInitialized                                 ../../LUFA/Drivers/USB/HighLevel/USBTask.o
                                                  ../../LUFA/Drivers/USB/LowLevel/LowLevel.o
USB_IsSuspended                                   ../../LUFA/Drivers/USB/HighLevel/USBInterrupt.o
                                                  ../../LUFA/Drivers/USB/HighLevel/USBTask.o
                                                  ../../LUFA/Drivers/USB/LowLevel/LowLevel.o
USB_RemoteWakeupEnabled                           ../../LUFA/Drivers/USB/LowLevel/DevChapter9.o
                                                  ../../LUFA/Drivers/USB/LowLevel/LowLevel.o
USB_ResetInterface                                ../../LUFA/Drivers/USB/LowLevel/LowLevel.o
                                                  ../../LUFA/Drivers/USB/HighLevel/USBInterrupt.o
USB_ShutDown                                      ../../LUFA/Drivers/USB/LowLevel/LowLevel.o
                                                  camtrig.o
USB_USBTask                                       ../../LUFA/Drivers/USB/HighLevel/USBTask.o
                                                  camtrig.o
__bad_interrupt                                   /usr/lib/gcc/avr/4.3.4/../../../avr/lib/avr51/crtusb1286.o
__bss_end                                         /usr/lib/gcc/avr/4.3.4/avr51/libgcc.a(_clear_bss.o)
__bss_start                                       /usr/lib/gcc/avr/4.3.4/avr51/libgcc.a(_clear_bss.o)
__data_end                                        /usr/lib/gcc/avr/4.3.4/../../../avr/lib/avr51/crtusb1286.o
__data_load_start                                 /usr/lib/gcc/avr/4.3.4/../../../avr/lib/avr51/crtusb1286.o
__data_start                                      /usr/lib/gcc/avr/4.3.4/../../../avr/lib/avr51/crtusb1286.o
__divmodsi4                                       /usr/lib/gcc/avr/4.3.4/avr51/libgcc.a(_divmodsi4.o)
                                                  /usr/lib/gcc/avr/4.3.4/../../../avr/lib/avr51/libc.a(rand.o)
__do_clear_bss                                    /usr/lib/gcc/avr/4.3.4/avr51/libgcc.a(_clear_bss.o)
                                                  /usr/lib/gcc/avr/4.3.4/../../../avr/lib/avr51/libc.a(fputc.o)
                                                  /usr/lib/gcc/avr/4.3.4/../../../avr/lib/avr51/libc.a(rand.o)
                                                  /usr/lib/gcc/avr/4.3.4/../../../avr/lib/avr51/libprintf_min.a(vfprintf_min.o)
                                                  ../../LUFA/Drivers/USB/HighLevel/StdDescriptors.o
                                                  ../../LUFA/Drivers/USB/HighLevel/Events.o
                                                  ../../LUFA/Drivers/USB/HighLevel/USBInterrupt.o
                                                  ../../LUFA/Drivers/USB/HighLevel/USBTask.o
                                                  ../../LUFA/Drivers/USB/LowLevel/Host.o
                                                  ../../LUFA/Drivers/USB/LowLevel/HostChapter9.o
                                                  ../../LUFA/Drivers/USB/LowLevel/DevChapter9.o
                                                  ../../LUFA/Drivers/USB/LowLevel/Pipe.o
                                                  ../../LUFA/Drivers/USB/LowLevel/Endpoint.o
                                                  ../../LUFA/Drivers/USB/LowLevel/LowLevel.o
                                                  ../../LUFA/Drivers/AT90USBXXX/Serial.o
                                                  ../../LUFA/Drivers/AT90USBXXX/Serial_Stream.o
                                                  ../../LUFA/Drivers/Board/Temperature.o
                                                  ../../LUFA/Scheduler/Scheduler.o
                                                  RingBuff.o
                                                  handler.o
                                                  Descriptors.o
                                                  camtrig.o
__do_copy_data                                    /usr/lib/gcc/avr/4.3.4/../../../avr/lib/avr51/crtusb1286.o
                                                  /usr/lib/gcc/avr/4.3.4/../../../avr/lib/avr51/libc.a(fputc.o)
                                                  /usr/lib/gcc/avr/4.3.4/../../../avr/lib/avr51/libc.a(rand.o)
                                                  /usr/lib/gcc/avr/4.3.4/../../../avr/lib/avr51/libprintf_min.a(vfprintf_min.o)
                                                  ../../LUFA/Drivers/USB/HighLevel/StdDescriptors.o
                                                  ../../LUFA/Drivers/USB/HighLevel/Events.o
                                                  ../../LUFA/Drivers/USB/HighLevel/USBInterrupt.o
                                                  ../../LUFA/Drivers/USB/HighLevel/USBTask.o
                                                  ../../LUFA/Drivers/USB/LowLevel/Host.o
                                                  ../../LUFA/Drivers/USB/LowLevel/HostChapter9.o
                                                  ../../LUFA/Drivers/USB/LowLevel/DevChapter9.o
                                                  ../../LUFA/Drivers/USB/LowLevel/Pipe.o
                                                  ../../LUFA/Drivers/USB/LowLevel/Endpoint.o
                                                  ../../LUFA/Drivers/USB/LowLevel/LowLevel.o
                                                  ../../LUFA/Drivers/AT90USBXXX/Serial.o
                                                  ../../LUFA/Drivers/AT90USBXXX/Serial_Stream.o
                                                  ../../LUFA/Drivers/Board/Temperature.o
                                                  ../../LUFA/Scheduler/Scheduler.o
                                                  RingBuff.o
                                                  handler.o
                                                  Descriptors.o
                                                  camtrig.o
__heap_end                                        /usr/lib/gcc/avr/4.3.4/../../../avr/lib/avr51/crtusb1286.o
__init                                            /usr/lib/gcc/avr/4.3.4/../../../avr/lib/avr51/crtusb1286.o
__mulsi3                                          /usr/lib/gcc/avr/4.3.4/avr51/libgcc.a(_mulsi3.o)
                                                  /usr/lib/gcc/avr/4.3.4/../../../avr/lib/avr51/libc.a(rand.o)
__stack                                           /usr/lib/gcc/avr/4.3.4/../../../avr/lib/avr51/crtusb1286.o
__udivmodsi4                                      /usr/lib/gcc/avr/4.3.4/avr51/libgcc.a(_udivmodsi4.o)
                                                  /usr/lib/gcc/avr/4.3.4/avr51/libgcc.a(_divmodsi4.o)
                                                  ../../LUFA/Drivers/AT90USBXXX/Serial.o
__ultoa_invert                                    /usr/lib/gcc/avr/4.3.4/../../../avr/lib/avr51/libc.a(ultoa_invert.o)
                                                  /usr/lib/gcc/avr/4.3.4/../../../avr/lib/avr51/libprintf_min.a(vfprintf_min.o)
__vector_1                                        /usr/lib/gcc/avr/4.3.4/../../../avr/lib/avr51/crtusb1286.o
__vector_10                                       ../../LUFA/Drivers/USB/HighLevel/USBInterrupt.o
                                                  /usr/lib/gcc/avr/4.3.4/../../../avr/lib/avr51/crtusb1286.o
__vector_11                                       /usr/lib/gcc/avr/4.3.4/../../../avr/lib/avr51/crtusb1286.o
__vector_12                                       /usr/lib/gcc/avr/4.3.4/../../../avr/lib/avr51/crtusb1286.o
__vector_13                                       /usr/lib/gcc/avr/4.3.4/../../../avr/lib/avr51/crtusb1286.o
__vector_14                                       /usr/lib/gcc/avr/4.3.4/../../../avr/lib/avr51/crtusb1286.o
__vector_15                                       /usr/lib/gcc/avr/4.3.4/../../../avr/lib/avr51/crtusb1286.o
__vector_16                                       /usr/lib/gcc/avr/4.3.4/../../../avr/lib/avr51/crtusb1286.o
__vector_17                                       /usr/lib/gcc/avr/4.3.4/../../../avr/lib/avr51/crtusb1286.o
__vector_18                                       /usr/lib/gcc/avr/4.3.4/../../../avr/lib/avr51/crtusb1286.o
__vector_19                                       /usr/lib/gcc/avr/4.3.4/../../../avr/lib/avr51/crtusb1286.o
__vector_2                                        /usr/lib/gcc/avr/4.3.4/../../../avr/lib/avr51/crtusb1286.o
__vector_20                                       /usr/lib/gcc/avr/4.3.4/../../../avr/lib/avr51/crtusb1286.o
__vector_21                                       /usr/lib/gcc/avr/4.3.4/../../../avr/lib/avr51/crtusb1286.o
__vector_22                                       /usr/lib/gcc/avr/4.3.4/../../../avr/lib/avr51/crtusb1286.o
__vector_23                                       /usr/lib/gcc/avr/4.3.4/../../../avr/lib/avr51/crtusb1286.o
__vector_24                                       /usr/lib/gcc/avr/4.3.4/../../../avr/lib/avr51/crtusb1286.o
__vector_25                                       /usr/lib/gcc/avr/4.3.4/../../../avr/lib/avr51/crtusb1286.o
__vector_26                                       /usr/lib/gcc/avr/4.3.4/../../../avr/lib/avr51/crtusb1286.o
__vector_27                                       /usr/lib/gcc/avr/4.3.4/../../../avr/lib/avr51/crtusb1286.o
__vector_28                                       /usr/lib/gcc/avr/4.3.4/../../../avr/lib/avr51/crtusb1286.o
__vector_29                                       camtrig.o
                                                  /usr/lib/gcc/avr/4.3.4/../../../avr/lib/avr51/crtusb1286.o
__vector_3                                        /usr/lib/gcc/avr/4.3.4/../../../avr/lib/avr51/crtusb1286.o
__vector_30                                       /usr/lib/gcc/avr/4.3.4/../../../avr/lib/avr51/crtusb1286.o
__vector_31                                       /usr/lib/gcc/avr/4.3.4/../../../avr/lib/avr51/crtusb1286.o
__vector_32                                       camtrig.o
                                                  /usr/lib/gcc/avr/4.3.4/../../../avr/lib/avr51/crtusb1286.o
__vector_33                                       /usr/lib/gcc/avr/4.3.4/../../../avr/lib/avr51/crtusb1286.o
__vector_34                                       /usr/lib/gcc/avr/4.3.4/../../../avr/lib/avr51/crtusb1286.o
__vector_35                                       handler.o
                                                  /usr/lib/gcc/avr/4.3.4/../../../avr/lib/avr51/crtusb1286.o
__vector_36                                       /usr/lib/gcc/avr/4.3.4/../../../avr/lib/avr51/crtusb1286.o
__vector_37                                       /usr/lib/gcc/avr/4.3.4/../../../avr/lib/avr51/crtusb1286.o
__vector_4                                        /usr/lib/gcc/avr/4.3.4/../../../avr/lib/avr51/crtusb1286.o
__vector_5                                        /usr/lib/gcc/avr/4.3.4/../../../avr/lib/avr51/crtusb1286.o
__vector_6                                        /usr/lib/gcc/avr/4.3.4/../../../avr/lib/avr51/crtusb1286.o
__vector_7                                        /usr/lib/gcc/avr/4.3.4/../../../avr/lib/avr51/crtusb1286.o
__vector_8                                        /usr/lib/gcc/avr/4.3.4/../../../avr/lib/avr51/crtusb1286.o
__vector_9                                        /usr/lib/gcc/avr/4.3.4/../../../avr/lib/avr51/crtusb1286.o
__vector_default                                  /usr/lib/gcc/avr/4.3.4/../../../avr/lib/avr51/crtusb1286.o
__vectors                                         /usr/lib/gcc/avr/4.3.4/../../../avr/lib/avr51/crtusb1286.o
_exit                                             /usr/lib/gcc/avr/4.3.4/avr51/libgcc.a(_exit.o)
count                                             handler.o
downsample_countdown_max                          camtrig.o
epoch                                             camtrig.o
exit                                              /usr/lib/gcc/avr/4.3.4/avr51/libgcc.a(_exit.o)
                                                  /usr/lib/gcc/avr/4.3.4/../../../avr/lib/avr51/crtusb1286.o
fputc                                             /usr/lib/gcc/avr/4.3.4/../../../avr/lib/avr51/libc.a(fputc.o)
                                                  /usr/lib/gcc/avr/4.3.4/../../../avr/lib/avr51/libprintf_min.a(vfprintf_min.o)
framecount_A                                      camtrig.o
get_pulse_width                                   camtrig.o
main                                              camtrig.o
                                                  /usr/lib/gcc/avr/4.3.4/../../../avr/lib/avr51/crtusb1286.o
mask                                              handler.o
overflowed                                        camtrig.o
p_handler_func                                    handler.o
rand                                              /usr/lib/gcc/avr/4.3.4/../../../avr/lib/avr51/libc.a(rand.o)
                                                  camtrig.o
rand_pulse_buf                                    camtrig.o
rand_pulse_disable                                camtrig.o
rand_pulse_enable                                 camtrig.o
rand_pulse_handler                                camtrig.o
rand_pulse_setvalue                               camtrig.o
rand_pulse_width                                  camtrig.o
rand_r                                            /usr/lib/gcc/avr/4.3.4/../../../avr/lib/avr51/libc.a(rand.o)
send_data_back_to_host                            camtrig.o
set_aout_values                                   camtrig.o
srand                                             /usr/lib/gcc/avr/4.3.4/../../../avr/lib/avr51/libc.a(rand.o)
start_bootloader                                  camtrig.o
start_count                                       handler.o
strchr_P                                          /usr/lib/gcc/avr/4.3.4/../../../avr/lib/avr51/libc.a(strchr_P.o)
                                                  /usr/lib/gcc/avr/4.3.4/../../../avr/lib/avr51/libprintf_min.a(vfprintf_min.o)
switchoff_trig1                                   camtrig.o
switchoff_trig2                                   camtrig.o
switchoff_trig3                                   camtrig.o
trig_once_mode                                    camtrig.o
update_pulse_buf                                  camtrig.o
vfprintf                                          /usr/lib/gcc/avr/4.3.4/../../../avr/lib/avr51/libprintf_min.a(vfprintf_min.o)
